// Jest Snapshot v1, https://goo.gl/fbAQLP

exports[`Header Component When has props Should renderer without errors 1`] = `
<Headerstyles__Container
  data-test="HeaderComponent"
>
  <Headerstyles__Title
    data-test="title"
  >
    test
  </Headerstyles__Title>
</Headerstyles__Container>
`;
